// Jest Snapshot v1, https://goo.gl/fbAQLP

exports[`Tests in GifItem Snapshot match 1`] = `
<div>
  <div
    class="card"
  >
    <img
      alt="CyberPunk"
      src="https://cyberpunk.com/cyberpunk.jpg"
    />
    <p>
      CyberPunk
    </p>
  </div>
</div>
`;
